2026-01-26 06:29:50,374 - ohlcv-writer - INFO - OHLCVWriter 종료 중...
2026-01-26 06:29:50,375 - ohlcv-writer - INFO - DB 연결 종료 완료
2026-01-26 06:54:04,991 - ohlcv-writer - INFO - DB 초기화 완료: /freqtrade/user_data/upbit_exchange/ohlcv.sqlite
2026-01-26 06:54:04,992 - collector - INFO - 수집기 시작됨. 종료하려면 Ctrl+C를 누르세요.
2026-01-26 06:54:05,056 - websocket - INFO - Websocket connected
2026-01-26 06:54:05,057 - collector - INFO - WebSocket connected
2026-01-26 18:16:23,395 - collector - INFO - 
시그널 수신: 2
2026-01-26 18:16:23,396 - collector - INFO - 종료 시작...
2026-01-26 18:16:23,396 - collector - INFO - 마지막 flush 실행 중...
2026-01-26 18:16:23,396 - multi-aggregator - INFO - MultiAggregator 종료 중...
2026-01-26 18:16:23,396 - multi-aggregator - INFO - 시간 기반 aggregator flush 중...
2026-01-26 18:16:23,396 - multi-aggregator - INFO - 500ms aggregator: 0건 flush
2026-01-26 18:16:23,396 - multi-aggregator - INFO - 1000ms aggregator: 0건 flush
2026-01-26 18:16:23,396 - multi-aggregator - INFO - 틱 기반 aggregator flush 중...
2026-01-26 18:16:23,396 - tick-aggregator - INFO - TickAggregator flush_all 시작...
2026-01-26 18:16:23,396 - tick-aggregator - INFO - [KRW-XRP] 미완성 틱봉 저장: 1틱
2026-01-26 18:16:23,396 - tick-aggregator - INFO - TickAggregator flush_all 완료: 1건
2026-01-26 18:16:23,396 - multi-aggregator - INFO - MultiAggregator 종료 완료
2026-01-26 18:16:23,396 - collector - INFO - WebSocket 연결 종료 중...
2026-01-26 18:16:23,403 - collector - WARNING - WebSocket 연결 종료: code=None
2026-01-26 18:16:23,404 - collector - INFO - Writer 종료 중...
2026-01-26 18:16:23,405 - ohlcv-writer - INFO - OHLCVWriter 종료 중...
2026-01-26 18:16:23,416 - ohlcv-writer - INFO - DB 연결 종료 완료
2026-01-26 18:16:23,416 - collector - INFO - 종료 완료
2026-01-26 18:16:23,421 - ohlcv-writer - INFO - OHLCVWriter 종료 중...
2026-01-26 18:16:23,421 - ohlcv-writer - INFO - DB 연결 종료 완료
2026-01-27 03:32:03,641 - ohlcv-writer - INFO - DB 초기화 완료: /home/opc/python/ft_userdata_upbit/user_data/upbit_exchange/ohlcv.sqlite
2026-01-27 03:32:03,642 - collector - INFO - 수집기 시작됨. 종료하려면 Ctrl+C를 누르세요.
2026-01-27 03:32:03,737 - websocket - INFO - Websocket connected
2026-01-27 03:32:03,737 - collector - INFO - WebSocket connected
2026-01-27 03:32:03,738 - collector - INFO - 주기적 재연결 예약됨: 32400초 후
2026-01-27 03:37:50,212 - ohlcv-writer - INFO - DB 초기화 완료: /home/opc/python/ft_userdata_upbit/user_data/upbit_exchange/ohlcv.sqlite
2026-01-27 03:37:50,213 - collector - INFO - 수집기 시작됨. 종료하려면 Ctrl+C를 누르세요.
2026-01-27 03:37:50,245 - websocket - INFO - Websocket connected
2026-01-27 03:37:50,246 - collector - INFO - WebSocket connected
2026-01-27 03:37:50,247 - collector - INFO - 주기적 재연결 예약됨: 32400초 후
2026-01-27 03:38:03,213 - collector - INFO - 
시그널 수신: 2
2026-01-27 03:38:03,215 - collector - INFO - 메인 루프 종료
2026-01-27 03:38:03,215 - collector - INFO - 종료 시작...
2026-01-27 03:38:03,215 - collector - INFO - 마지막 flush 실행 중...
2026-01-27 03:38:03,258 - ohlcv-writer - ERROR - 데이터 저장 에러 [KRW-BTC@1769452671000]: database is locked
2026-01-27 03:38:13,268 - ohlcv-writer - ERROR - 데이터 저장 에러 [KRW-BTC@1769452671000]: database is locked
2026-01-27 03:38:23,279 - ohlcv-writer - ERROR - 데이터 저장 에러 [KRW-BTC@1769452672500]: database is locked
2026-01-27 03:38:25,692 - collector - INFO - 
시그널 수신: 2
2026-01-27 03:38:26,684 - collector - INFO - 메인 루프 종료
2026-01-27 03:38:26,685 - collector - INFO - 종료 시작...
2026-01-27 03:38:26,685 - collector - INFO - 마지막 flush 실행 중...
2026-01-27 03:38:26,685 - multi-aggregator - INFO - MultiAggregator 종료 중...
2026-01-27 03:38:26,685 - multi-aggregator - INFO - 시간 기반 aggregator flush 중...
2026-01-27 03:38:26,685 - multi-aggregator - INFO - 500ms aggregator: 0건 flush
2026-01-27 03:38:26,685 - multi-aggregator - INFO - 1000ms aggregator: 0건 flush
2026-01-27 03:38:26,685 - multi-aggregator - INFO - 틱 기반 aggregator flush 중...
2026-01-27 03:38:26,686 - tick-aggregator - INFO - TickAggregator flush_all 시작...
2026-01-27 03:38:26,686 - tick-aggregator - INFO - [KRW-ETH] 미완성 틱봉 저장: 2틱
2026-01-27 03:38:26,686 - tick-aggregator - INFO - [KRW-XRP] 미완성 틱봉 저장: 1틱
2026-01-27 03:38:26,686 - tick-aggregator - INFO - [KRW-BTC] 미완성 틱봉 저장: 2틱
2026-01-27 03:38:26,686 - tick-aggregator - INFO - TickAggregator flush_all 완료: 3건
2026-01-27 03:38:26,686 - multi-aggregator - INFO - MultiAggregator 종료 완료
2026-01-27 03:38:26,687 - collector - INFO - WebSocket 연결 종료 중...
2026-01-27 03:38:26,693 - collector - WARNING - WebSocket 연결 종료: code=None, msg=None
2026-01-27 03:38:26,694 - collector - INFO - Writer 종료 중...
2026-01-27 03:38:26,694 - ohlcv-writer - INFO - OHLCVWriter 종료 중...
2026-01-27 03:38:26,695 - ohlcv-writer - INFO - DB 연결 종료 완료
2026-01-27 03:38:26,695 - collector - INFO - 종료 완료
2026-01-27 03:38:26,699 - ohlcv-writer - INFO - OHLCVWriter 종료 중...
2026-01-27 03:38:26,699 - ohlcv-writer - INFO - DB 연결 종료 완료
2026-01-27 03:38:26,711 - multi-aggregator - INFO - MultiAggregator 종료 중...
2026-01-27 03:38:26,712 - multi-aggregator - INFO - 시간 기반 aggregator flush 중...
2026-01-27 03:38:26,712 - multi-aggregator - INFO - 500ms aggregator: 1건 flush
2026-01-27 03:38:26,712 - multi-aggregator - INFO - 1000ms aggregator: 1건 flush
2026-01-27 03:38:26,713 - multi-aggregator - INFO - 틱 기반 aggregator flush 중...
2026-01-27 03:38:26,713 - tick-aggregator - INFO - TickAggregator flush_all 시작...
2026-01-27 03:38:26,713 - tick-aggregator - INFO - [KRW-BTC] 미완성 틱봉 저장: 2틱
2026-01-27 03:38:26,713 - tick-aggregator - INFO - [KRW-XRP] 미완성 틱봉 저장: 1틱
2026-01-27 03:38:26,714 - tick-aggregator - INFO - TickAggregator flush_all 완료: 2건
2026-01-27 03:38:26,714 - multi-aggregator - INFO - MultiAggregator 종료 완료
2026-01-27 03:38:26,714 - collector - INFO - WebSocket 연결 종료 중...
2026-01-27 03:38:26,714 - collector - WARNING - WebSocket 연결 종료: code=None, msg=None
2026-01-27 03:38:26,722 - collector - INFO - Writer 종료 중...
2026-01-27 03:38:26,722 - ohlcv-writer - INFO - OHLCVWriter 종료 중...
2026-01-27 03:38:26,727 - ohlcv-writer - INFO - DB 연결 종료 완료
2026-01-27 03:38:26,727 - collector - INFO - 종료 완료
2026-01-27 03:38:26,731 - ohlcv-writer - INFO - OHLCVWriter 종료 중...
2026-01-27 03:38:26,732 - ohlcv-writer - INFO - DB 연결 종료 완료
2026-01-27 03:38:33,719 - ohlcv-writer - INFO - DB 초기화 완료: /home/opc/python/ft_userdata_upbit/user_data/upbit_exchange/ohlcv.sqlite
2026-01-27 03:38:33,719 - collector - INFO - 수집기 시작됨. 종료하려면 Ctrl+C를 누르세요.
2026-01-27 03:38:33,747 - websocket - INFO - Websocket connected
2026-01-27 03:38:33,748 - collector - INFO - WebSocket connected
2026-01-27 03:38:33,748 - collector - INFO - 주기적 재연결 예약됨: 32400초 후
2026-01-27 03:54:16,510 - collector - INFO - 
시그널 수신: 2
2026-01-27 03:54:16,825 - collector - INFO - 메인 루프 종료
2026-01-27 03:54:16,825 - collector - INFO - 종료 시작...
2026-01-27 03:54:16,825 - collector - INFO - 마지막 flush 실행 중...
2026-01-27 03:54:16,825 - multi-aggregator - INFO - MultiAggregator 종료 중...
2026-01-27 03:54:16,825 - multi-aggregator - INFO - 시간 기반 aggregator flush 중...
2026-01-27 03:54:16,825 - multi-aggregator - INFO - 500ms aggregator: 0건 flush
2026-01-27 03:54:16,826 - multi-aggregator - INFO - 1000ms aggregator: 0건 flush
2026-01-27 03:54:16,826 - multi-aggregator - INFO - 틱 기반 aggregator flush 중...
2026-01-27 03:54:16,826 - tick-aggregator - INFO - TickAggregator flush_all 시작...
2026-01-27 03:54:16,826 - tick-aggregator - INFO - [KRW-ETH] 미완성 틱봉 저장: 2틱
2026-01-27 03:54:16,826 - tick-aggregator - INFO - [KRW-BTC] 미완성 틱봉 저장: 1틱
2026-01-27 03:54:16,826 - tick-aggregator - INFO - [KRW-XRP] 미완성 틱봉 저장: 2틱
2026-01-27 03:54:16,826 - tick-aggregator - INFO - TickAggregator flush_all 완료: 3건
2026-01-27 03:54:16,826 - multi-aggregator - INFO - MultiAggregator 종료 완료
2026-01-27 03:54:16,826 - collector - INFO - WebSocket 연결 종료 중...
2026-01-27 03:54:16,832 - collector - WARNING - WebSocket 연결 종료: code=None, msg=None
2026-01-27 03:54:16,834 - collector - INFO - Writer 종료 중...
2026-01-27 03:54:16,834 - ohlcv-writer - INFO - OHLCVWriter 종료 중...
2026-01-27 03:54:16,839 - ohlcv-writer - INFO - DB 연결 종료 완료
2026-01-27 03:54:16,839 - collector - INFO - 종료 완료
2026-01-27 03:54:16,844 - ohlcv-writer - INFO - OHLCVWriter 종료 중...
2026-01-27 03:54:16,844 - ohlcv-writer - INFO - DB 연결 종료 완료
2026-01-27 03:56:50,541 - ohlcv-writer - INFO - DB 초기화 완료: /home/opc/python/ft_userdata_upbit/user_data/upbit_exchange/ohlcv.sqlite
2026-01-27 03:56:50,541 - collector - INFO - 수집기 시작됨. 종료하려면 Ctrl+C를 누르세요.
2026-01-27 03:56:50,573 - websocket - INFO - Websocket connected
2026-01-27 03:56:50,573 - collector - INFO - WebSocket connected
2026-01-27 03:56:50,574 - collector - INFO - 주기적 재연결 예약됨: 32400초 후
2026-01-27 03:58:16,994 - collector - INFO - 
시그널 수신: 2
2026-01-27 03:58:17,552 - collector - INFO - 메인 루프 종료
2026-01-27 03:58:17,552 - collector - INFO - 종료 시작...
2026-01-27 03:58:17,552 - collector - INFO - 마지막 flush 실행 중...
2026-01-27 03:58:17,552 - multi-aggregator - INFO - MultiAggregator 종료 중...
2026-01-27 03:58:17,552 - multi-aggregator - INFO - 시간 기반 aggregator flush 중...
2026-01-27 03:58:17,553 - multi-aggregator - INFO - 500ms aggregator: 0건 flush
2026-01-27 03:58:17,553 - multi-aggregator - INFO - 1000ms aggregator: 0건 flush
2026-01-27 03:58:17,553 - multi-aggregator - INFO - 틱 기반 aggregator flush 중...
2026-01-27 03:58:17,553 - tick-aggregator - INFO - TickAggregator flush_all 시작...
2026-01-27 03:58:17,553 - tick-aggregator - INFO - [KRW-XRP] 미완성 틱봉 저장: 1틱
2026-01-27 03:58:17,553 - tick-aggregator - INFO - [KRW-BTC] 미완성 틱봉 저장: 1틱
2026-01-27 03:58:17,553 - tick-aggregator - INFO - TickAggregator flush_all 완료: 2건
2026-01-27 03:58:17,553 - multi-aggregator - INFO - MultiAggregator 종료 완료
2026-01-27 03:58:17,553 - collector - INFO - WebSocket 연결 종료 중...
2026-01-27 03:58:17,559 - collector - WARNING - WebSocket 연결 종료: code=None, msg=None
2026-01-27 03:58:17,561 - collector - INFO - Writer 종료 중...
2026-01-27 03:58:17,561 - ohlcv-writer - INFO - OHLCVWriter 종료 중...
2026-01-27 03:58:17,567 - ohlcv-writer - INFO - DB 연결 종료 완료
2026-01-27 03:58:17,567 - collector - INFO - 종료 완료
2026-01-27 03:58:17,571 - ohlcv-writer - INFO - OHLCVWriter 종료 중...
2026-01-27 03:58:17,572 - ohlcv-writer - INFO - DB 연결 종료 완료
2026-01-27 03:58:51,363 - ohlcv-writer - INFO - DB 초기화 완료: /home/opc/python/ft_userdata_upbit/user_data/upbit_exchange/ohlcv.sqlite
2026-01-27 03:58:51,363 - collector - INFO - 수집기 시작됨. 종료하려면 Ctrl+C를 누르세요.
2026-01-27 03:58:51,397 - websocket - INFO - Websocket connected
2026-01-27 03:58:51,398 - collector - INFO - WebSocket connected
2026-01-27 03:58:51,399 - collector - INFO - 주기적 재연결 예약됨: 32400초 후
2026-01-27 12:58:51,399 - collector - WARNING - 주기적 재연결 시작 (9시간 주기)
2026-01-27 12:58:51,407 - collector - WARNING - WebSocket 연결 종료(의도적): code=None, msg=None
2026-01-27 12:58:51,408 - collector - WARNING - 재연결 시도 #1 예정 (delay=1.00s, last_close=code=None, msg=None)
2026-01-27 12:58:52,438 - websocket - INFO - Websocket connected
2026-01-27 12:58:52,439 - collector - INFO - WebSocket connected
2026-01-27 12:58:52,439 - collector - INFO - 주기적 재연결 예약됨: 32400초 후
2026-01-27 21:58:52,439 - collector - WARNING - 주기적 재연결 시작 (9시간 주기)
2026-01-27 21:58:52,447 - collector - WARNING - WebSocket 연결 종료(의도적): code=None, msg=None
2026-01-27 21:58:52,448 - collector - WARNING - 재연결 시도 #1 예정 (delay=1.00s, last_close=code=None, msg=None)
2026-01-27 21:58:53,543 - websocket - INFO - Websocket connected
2026-01-27 21:58:53,543 - collector - INFO - WebSocket connected
2026-01-27 21:58:53,544 - collector - INFO - 주기적 재연결 예약됨: 32400초 후
2026-01-28 02:46:28,831 - collector - INFO - 
시그널 수신: 2
2026-01-28 02:46:29,342 - collector - INFO - 메인 루프 종료
2026-01-28 02:46:29,342 - collector - INFO - 종료 시작...
2026-01-28 02:46:29,342 - collector - INFO - 마지막 flush 실행 중...
2026-01-28 02:46:29,343 - multi-aggregator - INFO - MultiAggregator 종료 중...
2026-01-28 02:46:29,343 - multi-aggregator - INFO - 시간 기반 aggregator flush 중...
2026-01-28 02:46:29,343 - multi-aggregator - INFO - 500ms aggregator: 0건 flush
2026-01-28 02:46:29,343 - multi-aggregator - INFO - 1000ms aggregator: 0건 flush
2026-01-28 02:46:29,343 - multi-aggregator - INFO - 틱 기반 aggregator flush 중...
2026-01-28 02:46:29,344 - tick-aggregator - INFO - TickAggregator flush_all 시작...
2026-01-28 02:46:29,344 - tick-aggregator - INFO - [KRW-ETH] 미완성 틱봉 저장: 2틱
2026-01-28 02:46:29,344 - tick-aggregator - INFO - [KRW-XRP] 미완성 틱봉 저장: 2틱
2026-01-28 02:46:29,344 - tick-aggregator - INFO - TickAggregator flush_all 완료: 2건
2026-01-28 02:46:29,344 - multi-aggregator - INFO - MultiAggregator 종료 완료
2026-01-28 02:46:29,344 - collector - INFO - WebSocket 연결 종료 중...
2026-01-28 02:46:29,353 - collector - WARNING - WebSocket 연결 종료: code=None, msg=None
2026-01-28 02:46:29,354 - collector - INFO - Writer 종료 중...
2026-01-28 02:46:29,354 - ohlcv-writer - INFO - OHLCVWriter 종료 중...
2026-01-28 02:46:29,364 - ohlcv-writer - INFO - DB 연결 종료 완료
2026-01-28 02:46:29,364 - collector - INFO - 종료 완료
2026-01-28 02:46:29,369 - ohlcv-writer - INFO - OHLCVWriter 종료 중...
2026-01-28 02:46:29,369 - ohlcv-writer - INFO - DB 연결 종료 완료
